True
7 2 9 2 9 5 1 4 5 6 9 8 8 3 5 4 3 1 6 9 4 1 5 4 3 5 2 1 