True
9 8 7 1 9 1 4 1 6 5 3 1 9 5 4 2 2 2 3 6 5 5 8 4 7 3 3 7 2 4 